ARM Linker, 5.03 [Build 76] [MDK-ARM Lite]

==============================================================================

Section Cross References

    mycode.o(mycode) refers to mycode.o(mydata) for SUMADR
    mystartup.o(RESET) refers to mycode.o(mycode) for flashing


==============================================================================

Image Symbol Table

    Local Symbols

    Symbol Name                              Value     Ov Type        Size  Object(Section)

    RESET                                    0x00000000   Section      160  mystartup.o(RESET)
    mycode.s                                 0x00000000   Number         0  mycode.o ABSOLUTE
    mystartup.s                              0x00000000   Number         0  mystartup.o ABSOLUTE
    SWIHandler                               0x00000040   ARM Code       4  mystartup.o(RESET)
    PAbtHandler                              0x00000044   ARM Code       4  mystartup.o(RESET)
    DAbtHandler                              0x00000048   ARM Code       4  mystartup.o(RESET)
    IRQHandler                               0x0000004c   ARM Code       4  mystartup.o(RESET)
    FIQHandler                               0x00000050   ARM Code       4  mystartup.o(RESET)
    UndefHandler                             0x00000054   ARM Code       4  mystartup.o(RESET)
    Reset_Handler                            0x00000058   ARM Code       0  mystartup.o(RESET)
    mycode                                   0x000000a0   Section      192  mycode.o(mycode)
    myString                                 0x00000148   Data           8  mycode.o(mycode)
    mydata                                   0x40000000   Section        4  mycode.o(mydata)
    SUMADR                                   0x40000000   Data           4  mycode.o(mydata)

    Global Symbols

    Symbol Name                              Value     Ov Type        Size  Object(Section)

    BuildAttributes$$THM_ISAv1$ARM_ISAv4$S$PE$A:L22$X:L11$S22$IEEE1$IW$USESV6$~STKCKD$USESV7$~SHL$OSPACE$EBA8$STANDARDLIB$EABIv2 0x00000000   Number         0  anon$$obj.o ABSOLUTE
    flashing                                 0x000000a0   ARM Code       0  mycode.o(mycode)
    user_code                                0x000000a0   ARM Code       0  mycode.o(mycode)



==============================================================================

Memory Map of the image

  Image Entry point : 0x00000000

  Load Region LR_1 (Base: 0x00000000, Size: 0x00000164, Max: 0xffffffff, ABSOLUTE)

    Execution Region ER_RO (Base: 0x00000000, Size: 0x00000160, Max: 0xffffffff, ABSOLUTE)

    Base Addr    Size         Type   Attr      Idx    E Section Name        Object

    0x00000000   0x000000a0   Code   RO            7  * RESET               mystartup.o
    0x000000a0   0x000000c0   Code   RO            2    mycode              mycode.o


    Execution Region ER_RW (Base: 0x40000000, Size: 0x00000004, Max: 0xffffffff, ABSOLUTE)

    Base Addr    Size         Type   Attr      Idx    E Section Name        Object

    0x40000000   0x00000004   Data   RW            1    mydata              mycode.o


    Execution Region ER_ZI (Base: 0x40000004, Size: 0x00000000, Max: 0xffffffff, ABSOLUTE)

    **** No section assigned to this execution region ****


==============================================================================

Image component sizes


      Code (inc. data)   RO Data    RW Data    ZI Data      Debug   Object Name

       192         24          0          4          0        264   mycode.o
       160         48          0          0          0        212   mystartup.o

    ----------------------------------------------------------------------
       352         72          0          4          0        476   Object Totals
         0          0          0          0          0          0   (incl. Generated)
         0          0          0          0          0          0   (incl. Padding)

    ----------------------------------------------------------------------
         0          0          0          0          0          0   Library Totals
         0          0          0          0          0          0   (incl. Padding)

    ----------------------------------------------------------------------

==============================================================================


      Code (inc. data)   RO Data    RW Data    ZI Data      Debug   

       352         72          0          4          0        476   Grand Totals
       352         72          0          4          0        476   ELF Image Totals
       352         72          0          4          0          0   ROM Totals

==============================================================================

    Total RO  Size (Code + RO Data)                  352 (   0.34kB)
    Total RW  Size (RW Data + ZI Data)                 4 (   0.00kB)
    Total ROM Size (Code + RO Data + RW Data)        356 (   0.35kB)

==============================================================================

